{"id":"9847d9b2-4009-aa6a-821e-52b33dcfb0f2","entry_list":{"name":{"name":"name","value":"ACME Inc."}}}