{
  "id":"5a78aa7d-6ad6-fd2e-1822-52b3421a1cdc","entry_list":{
    "modified_by_name":{"name":"modified_by_name","value":"admin"},
    "id":{"name":"id","value":"5a78aa7d-6ad6-fd2e-1822-52b3421a1cdc"},
    "name":{"name":"name","value":" "},
    "date_entered":{"name":"date_entered","value":"2013-12-19 19:02:32"},
    "date_modified":{"name":"date_modified","value":"2013-12-19 19:02:32"},
    "modified_user_id":{"name":"modified_user_id","value":"1"},
    "created_by":{"name":"created_by","value":"1"},
    "deleted":{"name":"deleted","value":0},
    "full_name":{"name":"full_name","value":" "},
    "do_not_call":{"name":"do_not_call","value":false}
  }
}