{"id":"9eb94da9-e61a-915b-30e1-52b341a17fe0","entry_list":{"first_name":{"name":"first_name","value":"John"}}}