{"id":"d4816d0d-a007-83f4-027e-52b33dcd5ec0","entry_list":{"parent_type":{"name":"parent_type","value":"Contacts"},"direction":{"name":"direction","value":"Outbound"},"date_start":{"name":"date_start","value":"2012-11-26 19:36:02"},"parent_id":{"name":"parent_id","value":"76d9f1ab-312e-c673-d542-102a322c6574"},"assigned_user_id":{"name":"assigned_user_id","value":"4a4f2d1f-cbd4-b6b8-e3f1-102a322c6574"},"name":{"name":"name","value":"Test call via API"},"description":{"name":"description","value":"This is the description"}}}